-----------------------------------------------------------------------------------------
     I D DIRECT-VALUE NXT    P COND B SYSCTL OE OS   A UK S C W  AADR BADR DST   FCT  SRC
-----------------------------------------------------------------------------------------
0000 - m 038 C/R    - TRUE 0 NOC    -- INTE 0 11 0 1 16 R_PC R_PC RAMF  AND   ZA 
0001 - - 000 C/R    - TRUE 0 NOC    -- ---- 0 11 0 1 8  RAS1 R38Z RAMF  OR    DZ 
0002 - - 000 C/R    - TRUE 0 NOC    -- ---- 0 11 0 1 8  RAS1 RZ38 RAMF  AND   ZA 
0003 - - 000 R/PUSH ! TRUE 0 NOC    -- ADDR 0 11 0 1 8  RAS1 RAS1 RAMF  AND   ZA 
0004 i - =*= C/R    - RDY  0 MEMR   -- ADDR 0 11 0 1 16 R_PC R_PC RAMF  OR    ZA 
0005 - - 00C D/R    ! HOLD 0 NOC    -- ADDR 0 11 0 1 16 R_PC R_PC RAMF  ADD   ZA 
0006 (uninitialized)
0007 (uninitialized)
0008 (uninitialized)
0009 (uninitialized)
000A - - =*= R/RTN  - HOLD 0 HLDA   -- ---- 0 11 0 1 8  RAS1 RAS1 NOP   EXNOR DZ 
000B - - =*= R/F    - HOLD 0 HLDA   -- ---- 0 11 0 1 8  RAS1 RAS1 NOP   EXNOR DZ 
000C - - =*= D/R    ! HOLD 0 HLDA   -- ---- 0 11 0 1 8  RAS1 RAS1 NOP   EXNOR DZ 
000D - - =*= R/RTN  ! RDY  0 MEMR   -- ADDR 0 11 0 1 16 R_PC R_PC RAMF  OR    ZA 
000E - - =*= R/RTN  ! RDY  0 MEMW   YH ADDR 0 11 0 1 16 R_PC R_PC RAMF  OR    ZA 
000F - - =*= R/F    ! RDY  0 MEMW   YH ADDR 0 11 0 1 16 R_PC R_PC RAMF  OR    ZA 
0010 - - =*= R/F    ! RDY  0 MEMR   -- ADDR 0 11 0 1 16 R_PC R_PC RAMF  OR    ZA 
0011 - - =*= R/RTN  ! RDY  0 MEMR   -- ADDR 0 11 0 1 16 R_SP R_SP RAMF  OR    ZA 
0012 - - =*= R/RTN  ! RDY  0 MEMW   YH ADDR 0 11 0 1 16 R_SP R_SP RAMF  OR    ZA 
0013 - - =*= R/RTN  ! RDY  0 MEMW   YL ADDR 0 11 0 1 16 R_SP R_SP RAMF  OR    ZA 
0014 - - 00B R/F    - HOLD 1 NOC    -- ---- 1 11 0 1 8  RAS1 RAS1 RAMF  OR    ZA 
0015 - - 00A C/SBR  ! HOLD 0 NOC    -- ADDR 0 11 0 1 16 R_HL RAS1 NOP   OR    ZA 
0016 - - 00A C/SBR  ! HOLD 0 NOC    -- DATA 1 11 0 1 8  RAS1 RAS1 NOP   OR    ZA 
0017 - - =*= R/F    ! RDY  0 MEMW   YH ADDR 0 11 0 1 16 R_PC R_PC RAMF  OR    ZA 
0018 - - 00A C/SBR  ! HOLD 0 NOC    -- ADDR 0 11 0 1 16 R_HL RAS1 NOP   OR    ZA 
0019 - - 00D C/SBR  - RDY  0 MEMR   -- ADDR 0 11 0 1 16 R_PC R_PC RAMF  OR    ZA 
001A - - 00B R/F    - HOLD 1 NOC    -- ---- 0 11 0 1 8  RAS1 RAS1 RAMF  OR    DZ 
001B - - 00D C/SBR  - RDY  0 MEMR   -- ADDR 0 11 0 1 16 R_PC R_PC RAMF  ADD   ZA 
001C - - 00B R/F    - HOLD 1 NOC    -- ---- 0 11 0 1 8  RAS1 RAS1 RAMF  OR    DZ 
001D - - FFF R/F    ! TRUE 0 HLDA   FL INTE 0 11 0 1 8  RAS1 RAS1 NOP   EXNOR DZ 
001E - - 00D C/SBR  - RDY  0 MEMR   -- ---- 0 11 0 1 8  RAS1 RAS1 NOP   EXNOR DZ 
001F - - 00A C/SBR  ! HOLD 0 NOC    -- DATA 0 11 0 1 8  RAS1 RAS1 RAMF  OR    DZ 
-----------------------------------------------------------------------------------------
     I D DIRECT-VALUE NXT    P COND B SYSCTL OE OS   A UK S C W  AADR BADR DST   FCT  SRC
-----------------------------------------------------------------------------------------
0020 - - 00A C/SBR  ! HOLD 0 NOC    -- ADDR 0 11 0 1 16 R_HL RAS1 NOP   OR    ZA 
0021 - - 00F R/F    ! RDY  0 MEMW   YH ADDR 0 11 0 1 16 R_PC R_PC RAMF  ADD   ZA 
0022 - - 00D C/SBR  - RDY  0 MEMR   -- ADDR 0 11 0 1 16 R_PC R_PC RAMF  ADD   ZA 
0023 - - 00A C/SBR  ! HOLD 0 NOC    -- ---- 0 11 0 1 8  RAS1 R_CB RAMF  OR    DZ 
0024 - - 00D C/SBR  - RDY  0 MEMR   -- ADDR 0 11 0 1 16 R_PC R_PC RAMF  ADD   ZA 
0025 - - 00B R/F    - HOLD 0 NOC    -- ---- 0 11 0 1 8  RAS1 R_BC RAMF  OR    DZ 
0026 - - 00D C/SBR  - RDY  0 MEMR   -- ADDR 0 11 0 1 16 R_PC R_PC RAMF  ADD   ZA 
0027 - - 00A C/SBR  ! HOLD 0 NOC    -- ---- 0 11 0 1 16 RAS1 RAS1 RAMF  OR    DZ 
0028 - - 00D C/SBR  - RDY  0 MEMR   -- ADDR 0 11 0 1 16 R_PC R_PC RAMF  ADD   ZA 
0029 - - 00A C/SBR  ! HOLD 0 NOC    -- ---- 0 11 0 1 8  RAS1 RAS1 RAMF  OR    DZ 
002A - - 00A C/SBR  ! HOLD 0 NOC    -- ADDR 0 11 0 1 16 RAS1 RAS1 NOP   OR    ZA 
002B - - 00D C/SBR  - RDY  0 MEMR   -- ADDR 0 11 0 1 16 R_PC R_PC RAMF  OR    ZA 
002C - - 00B R/F    - HOLD 0 NOC    -- ---- 0 11 0 1 8  R_A? R_A? RAMF  OR    DZ 
002D - - 00D C/SBR  - RDY  0 MEMR   -- ADDR 0 11 0 1 16 R_PC R_PC RAMF  ADD   ZA 
002E - - 00A C/SBR  ! HOLD 0 NOC    -- ---- 0 11 0 1 16 RAS1 RAS1 RAMF  OR    DZ 
002F - - 00D C/SBR  - RDY  0 MEMR   -- ADDR 0 11 0 1 16 R_PC R_PC RAMF  ADD   ZA 
0030 - - 00A C/SBR  ! HOLD 0 NOC    -- ---- 0 11 0 1 8  RAS1 RAS1 RAMF  OR    DZ 
0031 - - 00A C/SBR  ! HOLD 0 NOC    -- ADDR 0 11 0 1 16 RAS1 RAS1 RAMF  OR    ZA 
0032 - - 00A C/SBR  ! HOLD 0 NOC    -- DATA 0 11 0 1 8  R_A? R_A? RAMF  OR    ZA 
0033 - - 00F R/F    ! RDY  0 MEMW   YH ADDR 0 11 0 1 16 R_PC R_PC RAMF  OR    ZA 
0034 - - 00B R/F    - HOLD 0 NOC    -- ---- 1 00 0 0 8  RAS1 R_A? RAMF  ADD   AB 
0035 - - 00A C/SBR  ! HOLD 0 NOC    -- ADDR 0 11 0 1 16 R_HL RAS1 NOP   OR    ZA 
0036 - - 00D C/SBR  - RDY  0 MEMR   -- ADDR 0 11 0 1 16 R_PC R_PC RAMF  OR    ZA 
0037 - - 00B R/F    - HOLD 0 NOC    -- ---- 0 00 0 0 8  R_A? R_A? RAMF  ADD   DA 
0038 - - 00D C/SBR  - RDY  0 MEMR   -- ADDR 0 11 0 1 16 R_PC R_PC RAMF  ADD   ZA 
0039 - - 00B R/F    - HOLD 0 NOC    -- ---- 0 00 0 0 8  R_A? R_A? RAMF  ADD   DA 
003A - - 034 C/R    - CY   0 NOC    -- ---- 0 11 0 1 8  RAS1 RAS1 NOP   EXNOR DZ 
003B - - 00B R/F    - HOLD 0 NOC    -- ---- 1 00 0 1 8  RAS1 R_A? RAMF  ADD   AB 
003C - - 036 C/R    - CY   0 NOC    -- ADDR 0 11 0 1 16 R_HL RAS1 NOP   OR    ZA 
003D - - 00D C/SBR  - RDY  0 MEMR   -- ADDR 0 11 0 1 16 R_PC R_PC RAMF  OR    ZA 
003E - - 00B R/F    - HOLD 0 NOC    -- ---- 0 00 0 1 8  R_A? R_A? RAMF  ADD   DA 
003F - - 038 C/R    - CY   0 NOC    -- ---- 0 11 0 1 8  RAS1 RAS1 NOP   EXNOR DZ 
-----------------------------------------------------------------------------------------
     I D DIRECT-VALUE NXT    P COND B SYSCTL OE OS   A UK S C W  AADR BADR DST   FCT  SRC
-----------------------------------------------------------------------------------------
0040 - - 00D C/SBR  - RDY  0 MEMR   -- ADDR 0 11 0 1 16 R_PC R_PC RAMF  ADD   ZA 
0041 - - 00B R/F    - HOLD 0 NOC    -- ---- 0 00 0 1 8  R_A? R_A? RAMF  ADD   DA 
0042 - - 00D C/SBR  - RDY  0 MEMR   -- ADDR 0 11 0 1 16 R_PC R_PC RAMF  ADD   ZA 
0043 - - 00A C/SBR  ! HOLD 0 NOC    -- ---- 0 11 0 1 16 RAS1 RAS1 RAMF  OR    DZ 
0044 - - 00D C/SBR  - RDY  0 MEMR   -- ADDR 0 11 0 1 16 R_PC R_PC RAMF  ADD   ZA 
0045 - - 00A C/SBR  ! HOLD 0 NOC    -- ---- 0 11 0 1 8  RAS1 RAS1 RAMF  OR    DZ 
0046 - - 00B R/F    - HOLD 0 NOC    -- ADDR 0 11 0 1 16 RAS1 R_PC RAMA  OR    ZA 
0047 - - 00D C/SBR  - RDY  0 MEMR   -- ADDR 0 11 0 1 16 R_PC R_PC RAMF  ADD   ZA 
0048 - - 00A C/SBR  ! HOLD 0 NOC    -- ---- 0 11 0 1 16 RAS1 RAS1 RAMF  OR    DZ 
0049 - - 00D C/SBR  - RDY  0 MEMR   -- ADDR 0 11 0 1 16 R_PC R_PC RAMF  ADD   ZA 
004A - - 00A C/SBR  ! HOLD 0 NOC    -- ---- 0 11 0 1 8  RAS1 RAS1 RAMF  OR    DZ 
004B - - 00A C/SBR  ! HOLD 0 NOC    -- ADDR 0 11 0 0 16 R_SP R_SP RAMF  SUBR  ZA 
004C - - 00A C/SBR  ! HOLD 0 NOC    -- DATA 0 11 0 1 16 R_PC RAS1 NOP   OR    ZA 
004D - - 012 C/SBR  - RDY  0 MEMW   YH ADDR 0 11 0 0 16 R_SP R_SP RAMF  SUBR  ZA 
004E - - =*= R/F    ! RDY  0 MEMW   YL ADDR 0 11 0 1 16 RAS1 R_PC RAMF  OR    ZA 
004F - - FFF R/F    ! TRUE 0 HLDA   FL INTE 0 11 0 1 8  RAS1 RAS1 NOP   EXNOR DZ 
0050 - - 011 C/SBR  ! TRUE 0 NOC    -- ADDR 0 11 0 1 16 R_SP R_SP RAMA  ADD   ZA 
0051 - - 00A C/SBR  ! HOLD 0 NOC    -- ---- 0 11 0 1 16 R_PC R_PC RAMF  OR    DZ 
0052 - - 011 C/SBR  - RDY  0 MEMR   -- ADDR 0 11 0 1 16 R_SP R_SP RAMA  ADD   ZA 
0053 - - 00A C/SBR  ! HOLD 0 NOC    -- ---- 0 11 0 1 8  R_PC R_PC RAMF  OR    DZ 
0054 - - 00B R/F    - HOLD 0 NOC    -- ADDR 0 11 0 1 16 R_PC R_PC NOP   OR    ZA 
0055 - - 00A C/SBR  ! HOLD 0 NOC    -- ---- 0 11 0 1 16 RZ38 RAS1 RAMF  AND   DA 
0056 - - 00A C/SBR  ! HOLD 0 NOC    -- DATA 0 11 0 1 16 R_PC RAS1 NOP   OR    ZA 
0057 - - 012 C/SBR  ! TRUE 0 NOC    -- ADDR 0 11 0 0 16 R_SP R_SP RAMF  SUBR  ZA 
0058 - - 00A C/SBR  ! HOLD 0 NOC    -- ADDR 0 11 0 0 16 R_SP R_SP RAMF  SUBR  ZA 
0059 - - =*= R/F    ! RDY  0 MEMW   YL ADDR 0 11 0 1 16 RAS1 R_PC RAMF  OR    ZA 
005A - - 00A C/SBR  ! HOLD 0 NOC    -- ---- 0 01 0 1 8  R_A? R_A? RAMU  OR    ZA 
005B - - 09C R/F    - F3   0 NOC    -- ---- 0 11 0 1 8  RAS1 RAS1 NOP   EXNOR DZ 
005C - - 00B R/F    - HOLD 0 NOC    -- ---- 0 01 0 1 8  RAS1 RAS1 NOP   OR    DZ 
005D - - 00A C/SBR  ! HOLD 0 NOC    -- ---- 0 01 0 1 8  R_A? R_A? RAMD  OR    ZA 
005E - - 05B C/R    ! TRUE 0 NOC    -- ---- 0 11 0 1 8  R_A? RAS1 NOP   OR    ZA 
005F - - 05B C/R    ! TRUE 0 NOC    -- ---- 0 01 1 1 8  R_A? R_A? RAMU  OR    ZA 
-----------------------------------------------------------------------------------------
     I D DIRECT-VALUE NXT    P COND B SYSCTL OE OS   A UK S C W  AADR BADR DST   FCT  SRC
-----------------------------------------------------------------------------------------
0060 - - 00A C/SBR  ! HOLD 0 NOC    -- ---- 0 11 0 1 8  R_A? R_A? RAMD  OR    ZA 
0061 - - 00A C/SBR  ! HOLD 0 NOC    -- ---- 0 11 0 1 8  R_A? R_A? RAMU  OR    ZA 
0062 - - 09C R/F    - F3   0 NOC    -- ---- 0 01 1 1 8  R_A? R_A? RAMD  OR    ZA 
0063 - - 00B R/F    - HOLD 0 NOC    -- ---- 0 01 0 1 8  RAS1 RAS1 NOP   OR    DZ 
0064 - - 00A C/SBR  ! HOLD 1 NOC    -- DATA 0 11 0 1 16 RAS1 RAS1 NOP   OR    ZB 
0065 - - 00A C/SBR  ! HOLD 0 NOC    -- ADDR 0 11 0 0 16 R_SP R_SP RAMF  SUBR  ZA 
0066 - - 012 C/SBR  - RDY  0 MEMW   YH ADDR 0 11 0 0 16 R_SP R_SP RAMF  SUBR  ZA 
0067 - - =*= R/F    ! RDY  0 MEMW   YL ADDR 0 11 0 1 16 R_PC R_PC RAMF  OR    ZA 
0068 - - 00A C/SBR  ! HOLD 0 NOC    -- DATA 0 11 0 1 8  R_A? RAS1 NOP   OR    ZA 
0069 - - 012 C/SBR  ! TRUE 0 NOC    -- ADDR 0 11 0 0 16 R_SP R_SP RAMF  SUBR  ZA 
006A - - 06B R/F    - TRUE 0 NOC    -- ADDR 0 11 0 0 16 R_SP R_SP RAMF  SUBR  ZA 
006B - - 012 C/SBR  - RDY  0 MEMW   FL ---- 0 11 0 0 8  RAS1 RAS1 NOP   EXNOR DZ 
006C - - 00B R/F    - HOLD 0 NOC    -- ADDR 0 11 0 1 16 R_PC R_PC RAMF  OR    ZA 
006D - - 00A C/SBR  ! HOLD 0 NOC    -- ---- 0 11 0 1 16 RAS1 R_BC RAMF  ADD   ZB 
006E - - 00B R/F    - HOLD 0 NOC    -- ---- 0 11 1 1 16 R_BC R_CB RAMA  OR    DZ 
006F - - 00A C/SBR  ! HOLD 0 NOC    -- ---- 0 11 0 0 16 RAS1 R_BC RAMF  SUBR  ZB 
0070 - - 00B R/F    - HOLD 0 NOC    -- ---- 0 11 1 1 16 R_BC R_CB RAMA  OR    DZ 
0071 - - 00A C/SBR  ! HOLD 0 NOC    -- ---- 0 01 0 0 16 R_BC R_HL RAMF  ADD   AB 
0072 - - 00B R/F    - HOLD 0 NOC    -- ---- 0 11 1 1 16 R_HL R_LH RAMA  OR    DZ 
0073 - - 072 C/R    ! TRUE 0 NOC    -- ---- 0 01 0 0 16 R_DE R_HL RAMF  ADD   AB 
0074 - - 072 C/R    ! TRUE 0 NOC    -- ---- 0 01 0 0 16 R_HL R_HL RAMF  ADD   AB 
0075 - - 072 C/R    ! TRUE 0 NOC    -- ---- 0 01 0 0 16 R_SP R_HL RAMF  ADD   AB 
0076 - - 00B R/F    - HOLD 0 NOC    -- ---- 1 00 0 1 8  RAS1 R_A? NOP   SUBR  AB 
0077 - - 00D C/SBR  - RDY  0 MEMR   -- ADDR 0 11 0 1 16 R_PC R_PC RAMF  ADD   ZA 
0078 - - 00B R/F    - HOLD 0 NOC    -- ---- 0 00 0 1 8  R_A? RAS1 NOP   SUBR  DA 
0079 - - 00A C/SBR  ! HOLD 0 NOC    -- ADDR 0 11 0 1 16 R_HL RAS1 NOP   OR    ZA 
007A - - 00D C/SBR  - RDY  0 MEMR   -- ADDR 0 11 0 1 16 R_PC RAS1 NOP   OR    ZA 
007B - - 00B R/F    - HOLD 0 NOC    -- ---- 0 00 0 1 8  R_A? RAS1 NOP   SUBR  DA 
007C - - 00A C/SBR  ! HOLD 0 NOC    -- ADDR 0 11 0 1 16 R_SP R_SP RAMA  OR    ZA 
007D - - 011 C/SBR  - RDY  0 MEMR   -- ADDR 0 11 0 1 16 R_SP R_SP RAMF  ADD   ZA 
007E - - 00A C/SBR  ! HOLD 0 NOC    -- ---- 0 11 0 1 8  RAS1 R_CB RAMF  OR    DZ 
007F - - 011 C/SBR  - RDY  0 MEMR   -- ADDR 0 11 0 1 16 R_SP R_SP RAMF  ADD   ZA 
-----------------------------------------------------------------------------------------
     I D DIRECT-VALUE NXT    P COND B SYSCTL OE OS   A UK S C W  AADR BADR DST   FCT  SRC
-----------------------------------------------------------------------------------------
0080 - - 00A C/SBR  ! HOLD 0 NOC    -- ---- 0 11 0 1 8  RAS1 R_BC RAMF  OR    DZ 
0081 - - 00B R/F    - HOLD 0 NOC    -- ADDR 0 11 0 1 16 R_PC RAS1 NOP   OR    ZA 
0082 - - 00A C/SBR  ! HOLD 0 NOC    -- ---- 0 11 0 1 8  RAS1 RAS1 NOP   EXNOR DZ 
0083 - - 082 C/R    - INT  0 NOC    -- ---- 0 11 0 1 8  RAS1 RAS1 NOP   EXNOR DZ 
0084 - - =*= C/R    - RDY  0 INTA   -- ---- 0 11 0 1 8  RAS1 RAS1 NOP   EXNOR DZ 
0085 - - 056 C/R    ! TRUE 0 INTA   -- ---- 0 11 0 1 16 RZ38 RAS1 RAMA  AND   DA 
0086 - - 00B R/F    - HOLD 0 NOC    -- ---- 0 11 0 1 8  RAS1 RAS1 NOP   EXNOR DZ 
0087 - - 00D C/SBR  - RDY  0 MEMR   -- ADDR 0 11 0 1 16 R_PC R_PC RAMF  ADD   ZA 
0088 - - 00A C/SBR  ! HOLD 0 NOC    -- ADDR 0 11 0 1 8  RAS1 RAS1 NOP   OR    DZ 
0089 - - =*= C/R    - RDY  0 IOR    -- ADDR 0 11 0 1 16 R_PC RAS1 NOP   OR    ZA 
008A - - 00B R/F    - HOLD 0 NOC    -- ---- 0 11 0 1 8  RAS1 R_A? RAMF  OR    DZ 
008B - - 00A C/SBR  ! HOLD 0 NOC    -- DATA 0 11 0 1 8  R_A? RAS1 NOP   OR    ZA 
008C - - 00D C/SBR  - RDY  0 MEMR   -- ADDR 0 11 0 1 16 R_PC R_PC RAMF  ADD   ZA 
008D - - 00A C/SBR  ! HOLD 0 NOC    -- ADDR 0 11 0 1 8  RAS1 RAS1 NOP   OR    DZ 
008E - - =*= R/F    ! RDY  0 IOW    YH ADDR 0 11 0 1 16 R_PC RAS1 NOP   OR    ZA 
008F - - 00B R/F    - HOLD 0 NOC    -- INTE 0 11 0 1 8  RZ38 RAS1 NOP   EXNOR ZA 
0090 - - 00B R/F    - HOLD 0 NOC    -- INTE 0 11 0 1 8  RAS1 RAS1 NOP   AND   ZA 
0091 - - 00B R/F    - HOLD 0 NOC    -- ---- 0 11 0 1 16 R_HL R_SP RAMF  OR    ZA 
0092 - - 00A C/SBR  ! HOLD 0 NOC    -- DATA 0 11 0 1 16 R_HL RAS1 NOP   OR    ZA 
0093 - - 00A C/SBR  ! HOLD 0 NOC    -- ADDR 0 11 0 1 16 R_SP RAS1 NOP   OR    ZA 
0094 - - =*= C/R    - RDY  0 MEMR   -- ---- 0 11 0 1 8  RAS1 RAS1 NOP   EXNOR DZ 
0095 - - 00A C/SBR  ! HOLD 0 NOC    -- ---- 0 11 0 1 8  RAS1 R_LH RAMF  OR    DZ 
0096 - - 013 C/SBR  - RDY  0 MEMW   YL ADDR 0 11 0 1 16 R_SP R_SP RAMF  ADD   ZA 
0097 - - =*= C/R    - RDY  0 MEMR   -- ---- 0 11 0 1 8  RAS1 RAS1 NOP   EXNOR DZ 
0098 - - 00A C/SBR  ! HOLD 0 NOC    -- ---- 0 11 0 1 8  RAS1 R_HL RAMF  OR    DZ 
0099 - - =*= C/R    - RDY  0 MEMW   YH ADDR 0 11 0 1 16 R_PC RAS1 NOP   OR    ZA 
009A - - 00B R/F    - HOLD 0 NOC    -- ---- 0 11 0 0 16 R_SP R_SP RAMF  SUBR  ZA 
009B - - 00B R/F    - HOLD 0 NOC    -- ADDR 0 11 0 1 16 R_HL R_PC RAMF  OR    ZA 
009C - - 00B R/F    - HOLD 0 NOC    -- ---- 0 01 0 0 8  RZ38 RAS1 NOP   SUBR  ZA 
009D - - 09C R/F    ! CY   0 NOC    -- ---- 0 01 0 1 8  RAS1 RAS1 NOP   AND   ZA 
009E - - 00B R/F    - HOLD 0 NOC    -- ---- 0 01 0 0 8  RAS1 RAS1 NOP   AND   ZA 
009F - - 00B R/F    - HOLD 0 NOC    -- ---- 1 00 0 1 8  RAS1 R_A? RAMF  AND   AB 
-----------------------------------------------------------------------------------------
     I D DIRECT-VALUE NXT    P COND B SYSCTL OE OS   A UK S C W  AADR BADR DST   FCT  SRC
-----------------------------------------------------------------------------------------
00A0 - - 00B R/F    - HOLD 0 NOC    -- ---- 1 00 0 1 8  RAS1 R_A? RAMF  EXOR  AB 
00A1 - - 00B R/F    - HOLD 0 NOC    -- ---- 1 00 0 1 8  RAS1 R_A? RAMF  OR    AB 
00A2 - - 00A C/SBR  ! HOLD 0 NOC    -- ADDR 0 11 0 1 16 R_HL RAS1 NOP   OR    ZA 
00A3 - - =*= C/R    - RDY  0 MEMR   -- ---- 0 11 0 1 8  RAS1 RAS1 NOP   EXNOR DZ 
00A4 - - 00A C/SBR  ! HOLD 0 NOC    -- DATA 0 10 0 0 8  RAS1 RAS1 NOP   SUBS  DZ 
00A5 - - =*= R/F    ! RDY  0 MEMW   YH ADDR 0 11 0 1 16 R_PC RAS1 NOP   OR    ZA 
00A6 - - 00A C/SBR  ! HOLD 0 NOC    -- ADDR 0 11 0 1 16 R_HL RAS1 NOP   OR    ZA 
00A7 - - =*= C/R    - RDY  0 MEMR   -- ---- 0 11 0 1 8  RAS1 RAS1 NOP   EXNOR DZ 
00A8 - - 00A C/SBR  ! HOLD 0 NOC    -- DATA 0 10 0 1 8  RAS1 RAS1 NOP   ADD   DZ 
00A9 - - =*= R/F    ! RDY  0 MEMW   YH ADDR 0 11 0 1 16 R_PC RAS1 NOP   OR    ZA 
00AA - - 00B R/F    - HOLD 1 NOC    -- ---- 0 10 0 0 8  RAS1 RAS1 RAMF  SUBR  ZB 
00AB - - 00B R/F    - HOLD 1 NOC    -- ---- 0 10 0 1 8  RAS1 RAS1 RAMF  ADD   ZB 
00AC - - 00B R/F    - HOLD 0 NOC    -- ---- 1 00 0 1 8  RAS1 R_A? RAMF  SUBR  AB 
00AD - - 00A C/SBR  ! HOLD 0 NOC    -- ADDR 0 11 0 1 16 R_HL RAS1 NOP   OR    ZA 
00AE - - 00D C/SBR  - RDY  0 MEMR   -- ADDR 0 11 0 1 16 R_PC RAS1 NOP   OR    ZA 
00AF - - 00B R/F    - HOLD 0 NOC    -- ---- 0 00 0 1 8  R_A? R_A? RAMF  SUBR  DA 
00B0 - - 00D C/SBR  - RDY  0 MEMR   -- ADDR 0 11 0 1 16 R_PC R_PC RAMF  ADD   ZA 
00B1 - - 00B R/F    - HOLD 0 NOC    -- ---- 0 00 0 1 8  R_A? R_A? RAMF  SUBR  DA 
00B2 - - 0AC C/R    - CY   0 NOC    -- ---- 0 11 0 1 8  RAS1 RAS1 NOP   EXNOR DZ 
00B3 - - 00B R/F    - HOLD 0 NOC    -- ---- 1 00 0 0 8  RAS1 R_A? RAMF  SUBR  AB 
00B4 - - 0AE C/R    - CY   0 NOC    -- ADDR 0 11 0 1 16 R_HL RAS1 NOP   OR    ZA 
00B5 - - 00D C/SBR  - RDY  0 MEMR   -- ADDR 0 11 0 1 16 R_PC RAS1 NOP   OR    ZA 
00B6 - - 00B R/F    - HOLD 0 NOC    -- ---- 0 00 0 0 8  R_A? R_A? RAMF  SUBR  DA 
00B7 - - 0B0 C/R    - CY   0 NOC    -- ---- 0 11 0 1 8  RAS1 RAS1 NOP   EXNOR DZ 
00B8 - - 15D C/R    ! TRUE 0 NOC    -- ---- 0 11 0 1 8  RAS1 RAS1 NOP   EXNOR DZ 
00B9 - - 00A C/SBR  ! HOLD 0 NOC    -- ADDR 0 11 0 1 16 R_HL RAS1 NOP   OR    ZA 
00BA - - 00D C/SBR  - RDY  0 MEMR   -- ADDR 0 11 0 1 16 R_PC RAS1 NOP   OR    ZA 
00BB - - 00B R/F    - HOLD 0 NOC    -- ---- 0 00 0 1 8  R_A? R_A? RAMF  AND   DA 
00BC - - 00A C/SBR  ! HOLD 0 NOC    -- ADDR 0 11 0 1 16 R_HL RAS1 NOP   OR    ZA 
00BD - - 00D C/SBR  - RDY  0 MEMR   -- ADDR 0 11 0 1 16 R_PC RAS1 NOP   OR    ZA 
00BE - - 00B R/F    - HOLD 0 NOC    -- ---- 0 00 0 1 8  R_A? R_A? RAMF  EXOR  DA 
00BF - - 00A C/SBR  ! HOLD 0 NOC    -- ADDR 0 11 0 1 16 R_HL RAS1 NOP   OR    ZA 
-----------------------------------------------------------------------------------------
     I D DIRECT-VALUE NXT    P COND B SYSCTL OE OS   A UK S C W  AADR BADR DST   FCT  SRC
-----------------------------------------------------------------------------------------
00C0 - - 00D C/SBR  - RDY  0 MEMR   -- ADDR 0 11 0 1 16 R_PC RAS1 NOP   OR    ZA 
00C1 - - 00B R/F    - HOLD 0 NOC    -- ---- 0 00 0 1 8  R_A? R_A? RAMF  OR    DA 
00C2 - - 00D C/SBR  - RDY  0 MEMR   -- ADDR 0 11 0 1 16 R_PC R_PC RAMF  ADD   ZA 
00C3 - - 00B R/F    - HOLD 0 NOC    -- ---- 0 00 0 1 8  R_A? R_A? RAMF  AND   DA 
00C4 - - 00D C/SBR  - RDY  0 MEMR   -- ADDR 0 11 0 1 16 R_PC R_PC RAMF  ADD   ZA 
00C5 - - 00B R/F    - HOLD 0 NOC    -- ---- 0 00 0 1 8  R_A? R_A? RAMF  EXOR  DA 
00C6 - - 00D C/SBR  - RDY  0 MEMR   -- ADDR 0 11 0 1 16 R_PC R_PC RAMF  ADD   ZA 
00C7 - - 00B R/F    - HOLD 0 NOC    -- ---- 0 00 0 1 8  R_A? R_A? RAMF  OR    DA 
00C8 - - 00B R/F    - HOLD 0 NOC    -- ---- 0 11 0 1 8  R_A? R_A? RAMF  EXNOR ZA 
00C9 - - 00D C/SBR  - RDY  0 MEMR   -- ADDR 0 11 0 1 16 R_PC R_PC RAMF  ADD   ZA 
00CA - - 00A C/SBR  ! HOLD 0 NOC    -- ---- 0 11 0 1 16 RAS1 RAS1 RAMF  OR    DZ 
00CB - - 00D C/SBR  - RDY  0 MEMR   -- ADDR 0 11 0 1 16 R_PC R_PC RAMF  ADD   ZA 
00CC - - 00A C/SBR  ! HOLD 0 NOC    -- ---- 0 11 0 1 8  RAS1 RAS1 RAMF  OR    DZ 
00CD - - 00A C/SBR  ! HOLD 0 NOC    -- ADDR 0 11 0 1 16 RAS1 RAS1 RAMF  OR    ZA 
00CE - - =*= C/R    - RDY  0 MEMR   -- ---- 0 11 0 1 8  RAS1 RAS1 NOP   EXNOR DZ 
00CF - - 00A C/SBR  ! HOLD 0 NOC    -- ---- 0 11 0 1 8  RAS1 R_LH RAMF  OR    DZ 
00D0 - - 00A C/SBR  ! HOLD 0 NOC    -- ADDR 0 11 0 1 16 RAS1 RAS1 RAMF  ADD   ZA 
00D1 - - =*= C/R    - RDY  0 MEMR   -- ADDR 0 11 0 1 16 R_PC RAS1 NOP   OR    ZA 
00D2 - - 00B R/F    - HOLD 0 NOC    -- ---- 0 11 0 1 8  RAS1 R_HL RAMF  OR    DZ 
00D3 - - 00D C/SBR  - RDY  0 MEMR   -- ADDR 0 11 0 1 16 R_PC R_PC RAMF  ADD   ZA 
00D4 - - 00A C/SBR  ! HOLD 0 NOC    -- ---- 0 11 0 1 16 RAS1 RAS1 RAMF  OR    DZ 
00D5 - - 00D C/SBR  - RDY  0 MEMR   -- ADDR 0 11 0 1 16 R_PC R_PC RAMF  ADD   ZA 
00D6 - - 00A C/SBR  ! HOLD 0 NOC    -- ---- 0 11 0 1 8  RAS1 RAS1 RAMF  OR    DZ 
00D7 - - 00A C/SBR  ! HOLD 0 NOC    -- ADDR 0 11 0 1 16 RAS1 RAS1 RAMF  OR    ZA 
00D8 - - 00A C/SBR  ! HOLD 0 NOC    -- DATA 0 11 0 1 16 R_HL RAS1 NOP   OR    ZA 
00D9 - - =*= C/R    - RDY  0 MEMW   YL ---- 0 11 0 1 8  RAS1 RAS1 NOP   EXNOR DZ 
00DA - - 00A C/SBR  ! HOLD 0 NOC    -- ADDR 0 11 0 1 16 RAS1 RAS1 RAMF  ADD   ZA 
00DB - - =*= R/F    ! RDY  0 MEMW   YH ADDR 0 11 0 1 16 R_PC RAS1 NOP   OR    ZA 
00DC - - 00A C/SBR  ! HOLD 0 NOC    -- ADDR 0 11 0 1 16 R_BC RAS1 NOP   OR    ZA 
00DD - - =*= C/R    - RDY  0 MEMR   -- ADDR 0 11 0 1 16 R_PC RAS1 NOP   OR    ZA 
00DE - - 00B R/F    - HOLD 0 NOC    -- ---- 0 11 0 1 8  RAS1 R_A? RAMF  OR    DZ 
00DF - - 00A C/SBR  ! HOLD 1 NOC    -- ADDR 0 11 0 1 16 RAS1 RAS1 NOP   OR    ZB 
-----------------------------------------------------------------------------------------
     I D DIRECT-VALUE NXT    P COND B SYSCTL OE OS   A UK S C W  AADR BADR DST   FCT  SRC
-----------------------------------------------------------------------------------------
00E0 - - 00A C/SBR  ! HOLD 0 NOC    -- DATA 0 11 0 1 8  R_A? RAS1 NOP   OR    ZA 
00E1 - - 00B R/F    - HOLD 0 MEMW   YH ADDR 0 11 0 1 16 R_PC RAS1 NOP   OR    ZA 
00E2 - - 00A C/SBR  ! HOLD 0 NOC    -- ---- 0 11 0 1 16 R_DE RAS1 RAMF  OR    ZA 
00E3 - - 00A C/SBR  ! HOLD 0 NOC    -- ---- 0 11 0 1 16 R_HL R_DE RAMF  OR    ZA 
00E4 - - 00B R/F    - HOLD 0 NOC    -- ---- 0 11 0 1 16 RAS1 R_HL RAMF  OR    ZA 
00E5 - - 00D C/SBR  - RDY  0 MEMR   -- ADDR 0 11 0 1 16 R_PC R_PC RAMF  ADD   ZA 
00E6 - - 00A C/SBR  ! HOLD 0 NOC    -- ---- 0 11 0 1 8  RAS1 R_ED RAMF  OR    DZ 
00E7 - - 00D C/SBR  - RDY  0 MEMR   -- ADDR 0 11 0 1 16 R_PC R_PC RAMF  ADD   ZA 
00E8 - - 00B R/F    - HOLD 0 NOC    -- ---- 0 11 0 1 8  RAS1 R_DE RAMF  OR    DZ 
00E9 - - 00D C/SBR  - RDY  0 MEMR   -- ADDR 0 11 0 1 16 R_PC R_PC RAMF  ADD   ZA 
00EA - - 00A C/SBR  ! HOLD 0 NOC    -- ---- 0 11 0 1 8  RAS1 R_LH RAMF  OR    DZ 
00EB - - 00D C/SBR  - RDY  0 MEMR   -- ADDR 0 11 0 1 16 R_PC R_PC RAMF  ADD   ZA 
00EC - - 00B R/F    - HOLD 0 NOC    -- ---- 0 11 0 1 8  RAS1 R_HL RAMF  OR    DZ 
00ED - - 00D C/SBR  - RDY  0 MEMR   -- ADDR 0 11 0 1 16 R_PC R_PC RAMF  ADD   ZA 
00EE - - 00A C/SBR  ! HOLD 0 NOC    -- ---- 0 11 0 1 16 RAS1 R_SP RAMF  OR    DZ 
00EF - - 01D C/SBR  - RDY  0 MEMR   -- ADDR 0 11 0 1 16 R_PC R_PC RAMF  ADD   ZA 
00F0 - - 00B R/F    - HOLD 0 NOC    -- ---- 0 11 0 1 8  RAS1 R_SP RAMF  OR    DZ 
00F1 - - 00A C/SBR  ! HOLD 0 NOC    -- ---- 0 11 0 1 16 RAS1 R_DE RAMF  ADD   ZB 
00F2 - - 00B R/F    - HOLD 0 NOC    -- ---- 0 11 1 1 16 R_DE R_ED RAMA  OR    DZ 
00F3 - - 00A C/SBR  ! HOLD 0 NOC    -- ---- 0 11 0 1 16 RAS1 R_HL RAMF  ADD   ZB 
00F4 - - 00B R/F    - HOLD 0 NOC    -- ---- 0 11 1 1 16 R_HL R_LH RAMA  OR    DZ 
00F5 - - 00B R/F    - HOLD 0 NOC    -- ---- 0 11 0 1 16 RAS1 R_SP RAMF  ADD   ZB 
00F6 - - 00A C/SBR  ! HOLD 0 NOC    -- ---- 0 11 0 0 16 RAS1 R_DE RAMF  SUBR  ZB 
00F7 - - 00B R/F    - HOLD 0 NOC    -- ---- 0 11 1 1 16 R_DE R_ED RAMA  OR    DZ 
00F8 - - 00A C/SBR  ! HOLD 0 NOC    -- ---- 0 11 0 0 16 RAS1 R_HL RAMF  SUBR  ZB 
00F9 - - 00B R/F    - HOLD 0 NOC    -- ---- 0 11 1 1 16 R_HL R_LH RAMA  OR    DZ 
00FA - - 00B R/F    - HOLD 0 NOC    -- ---- 0 11 0 0 16 RAS1 R_SP RAMF  SUBR  ZB 
00FB - - 00A C/SBR  ! HOLD 0 NOC    -- ADDR 0 11 0 1 16 R_SP R_SP RAMA  OR    ZA 
00FC - - 011 C/SBR  - RDY  0 MEMR   -- ADDR 0 11 0 1 16 R_SP R_SP RAMF  ADD   ZA 
00FD - - 00A C/SBR  ! HOLD 0 NOC    -- ---- 0 11 0 1 8  RAS1 R_ED RAMF  OR    DZ 
00FE - - 011 C/SBR  - RDY  0 MEMR   -- ADDR 0 11 0 1 16 R_SP R_SP RAMF  ADD   ZA 
00FF - - 00A C/SBR  ! HOLD 0 NOC    -- ---- 0 11 0 1 8  RAS1 R_DE RAMF  OR    DZ 
-----------------------------------------------------------------------------------------
     I D DIRECT-VALUE NXT    P COND B SYSCTL OE OS   A UK S C W  AADR BADR DST   FCT  SRC
-----------------------------------------------------------------------------------------
0100 - - 00B R/F    - HOLD 0 NOC    -- ADDR 0 11 0 1 16 R_PC RAS1 NOP   OR    ZA 
0101 - - 00A C/SBR  ! HOLD 0 NOC    -- ADDR 0 11 0 1 16 R_SP R_SP RAMA  OR    ZA 
0102 - - 011 C/SBR  - RDY  0 MEMR   -- ADDR 0 11 0 1 16 R_SP R_SP RAMF  ADD   ZA 
0103 - - 00A C/SBR  ! HOLD 0 NOC    -- ---- 0 11 0 1 8  RAS1 R_LH RAMF  OR    DZ 
0104 - - 011 C/SBR  - RDY  0 MEMR   -- ADDR 0 11 0 1 16 R_SP R_SP RAMF  ADD   ZA 
0105 - - 00A C/SBR  ! HOLD 0 NOC    -- ---- 0 11 0 1 8  RAS1 R_HL RAMF  OR    DZ 
0106 - - 00B R/F    - HOLD 0 NOC    -- ADDR 0 11 0 1 16 R_PC RAS1 NOP   OR    ZA 
0107 - - 042 C/R    - Z    0 NOC    -- ---- 0 11 0 1 8  RAS1 RAS1 NOP   EXNOR DZ 
0108 - - 00A C/SBR  ! HOLD 0 NOC    -- ADDR 0 11 0 1 16 R_PC R_PC RAMF  ADD   ZA 
0109 - - 00B R/F    - HOLD 0 NOC    -- ADDR 0 11 0 1 16 R_PC R_PC RAMF  ADD   ZA 
010A - - 047 C/R    - Z    0 NOC    -- ---- 0 11 0 1 8  RAS1 RAS1 NOP   EXNOR DZ 
010B - - 00A C/SBR  ! HOLD 0 NOC    -- ADDR 0 11 0 1 16 R_PC R_PC RAMF  ADD   ZA 
010C - - 00B R/F    - HOLD 0 NOC    -- ADDR 0 11 0 1 16 R_PC R_PC RAMF  ADD   ZA 
010D - - 050 R/F    ! Z    0 NOC    -- ---- 0 11 0 1 8  RAS1 RAS1 NOP   EXNOR DZ 
010E - - 042 C/R    ! Z    0 NOC    -- ---- 0 11 0 1 8  RAS1 RAS1 NOP   EXNOR DZ 
010F - - 00A C/SBR  ! HOLD 0 NOC    -- ADDR 0 11 0 1 16 R_PC R_PC RAMF  ADD   ZA 
0110 - - 00B R/F    - HOLD 0 NOC    -- ADDR 0 11 0 1 16 R_PC R_PC RAMF  ADD   ZA 
0111 - - 047 C/R    ! Z    0 NOC    -- ---- 0 11 0 1 8  RAS1 RAS1 NOP   EXNOR DZ 
0112 - - 00A C/SBR  ! HOLD 0 NOC    -- ADDR 0 11 0 1 16 R_PC R_PC RAMF  ADD   ZA 
0113 - - 00B R/F    - HOLD 0 NOC    -- ADDR 0 11 0 1 16 R_PC R_PC RAMF  ADD   ZA 
0114 - - 050 R/F    - Z    0 NOC    -- ---- 0 11 0 1 8  RAS1 RAS1 NOP   EXNOR DZ 
0115 - - 042 C/R    - CY   0 NOC    -- ---- 0 11 0 1 8  RAS1 RAS1 NOP   EXNOR DZ 
0116 - - 00A C/SBR  ! HOLD 0 NOC    -- ADDR 0 11 0 1 16 R_PC R_PC RAMF  ADD   ZA 
0117 - - 00B R/F    - HOLD 0 NOC    -- ADDR 0 11 0 1 16 R_PC R_PC RAMF  ADD   ZA 
0118 - - 047 C/R    - CY   0 NOC    -- ---- 0 11 0 1 8  RAS1 RAS1 NOP   EXNOR DZ 
0119 - - 00A C/SBR  ! HOLD 0 NOC    -- ADDR 0 11 0 1 16 R_PC R_PC RAMF  ADD   ZA 
011A - - 00B R/F    - HOLD 0 NOC    -- ADDR 0 11 0 1 16 R_PC R_PC RAMF  ADD   ZA 
011B - - 050 R/F    ! CY   0 NOC    -- ---- 0 11 0 1 8  RAS1 RAS1 NOP   EXNOR DZ 
011C - - 042 C/R    ! CY   0 NOC    -- ---- 0 11 0 1 8  RAS1 RAS1 NOP   EXNOR DZ 
011D - - 00A C/SBR  ! HOLD 0 NOC    -- ADDR 0 11 0 1 16 R_PC R_PC RAMF  ADD   ZA 
011E - - 00B R/F    - HOLD 0 NOC    -- ADDR 0 11 0 1 16 R_PC R_PC RAMF  ADD   ZA 
011F - - 047 C/R    ! CY   0 NOC    -- ---- 0 11 0 1 8  RAS1 RAS1 NOP   EXNOR DZ 
-----------------------------------------------------------------------------------------
     I D DIRECT-VALUE NXT    P COND B SYSCTL OE OS   A UK S C W  AADR BADR DST   FCT  SRC
-----------------------------------------------------------------------------------------
0120 - - 00A C/SBR  ! HOLD 0 NOC    -- ADDR 0 11 0 1 16 R_PC R_PC RAMF  ADD   ZA 
0121 - - 00B R/F    - HOLD 0 NOC    -- ADDR 0 11 0 1 16 R_PC R_PC RAMF  ADD   ZA 
0122 - - 050 R/F    - CY   0 NOC    -- ---- 0 11 0 1 8  RAS1 RAS1 NOP   EXNOR DZ 
0123 - - 042 C/R    - P    0 NOC    -- ---- 0 11 0 1 8  RAS1 RAS1 NOP   EXNOR DZ 
0124 - - 00A C/SBR  ! HOLD 0 NOC    -- ADDR 0 11 0 1 16 R_PC R_PC RAMF  ADD   ZA 
0125 - - 00B R/F    - HOLD 0 NOC    -- ADDR 0 11 0 1 16 R_PC R_PC RAMF  ADD   ZA 
0126 - - 047 C/R    - P    0 NOC    -- ---- 0 11 0 1 8  RAS1 RAS1 NOP   EXNOR DZ 
0127 - - 00A C/SBR  ! HOLD 0 NOC    -- ADDR 0 11 0 1 16 R_PC R_PC RAMF  ADD   ZA 
0128 - - 00B R/F    - HOLD 0 NOC    -- ADDR 0 11 0 1 16 R_PC R_PC RAMF  ADD   ZA 
0129 - - 050 R/F    ! P    0 NOC    -- ---- 0 11 0 1 8  RAS1 RAS1 NOP   EXNOR DZ 
012A - - 042 C/R    ! P    0 NOC    -- ---- 0 11 0 1 8  RAS1 RAS1 NOP   EXNOR DZ 
012B - - 00A C/SBR  ! HOLD 0 NOC    -- ADDR 0 11 0 1 16 R_PC R_PC RAMF  ADD   ZA 
012C - - 00B R/F    - HOLD 0 NOC    -- ADDR 0 11 0 1 16 R_PC R_PC RAMF  ADD   ZA 
012D - - 047 C/R    ! P    0 NOC    -- ---- 0 11 0 1 8  RAS1 RAS1 NOP   EXNOR DZ 
012E - - 00A C/SBR  ! HOLD 0 NOC    -- ADDR 0 11 0 1 16 R_PC R_PC RAMF  ADD   ZA 
012F - - 00B R/F    - HOLD 0 NOC    -- ADDR 0 11 0 1 16 R_PC R_PC RAMF  ADD   ZA 
0130 - - 050 R/F    - P    0 NOC    -- ---- 0 11 0 1 8  RAS1 RAS1 NOP   EXNOR DZ 
0131 - - 042 C/R    - S    0 NOC    -- ---- 0 11 0 1 8  RAS1 RAS1 NOP   EXNOR DZ 
0132 - - 00A C/SBR  ! HOLD 0 NOC    -- ADDR 0 11 0 1 16 R_PC R_PC RAMF  ADD   ZA 
0133 - - 00B R/F    - HOLD 0 NOC    -- ADDR 0 11 0 1 16 R_PC R_PC RAMF  ADD   ZA 
0134 - - 047 R/F    ! S    0 NOC    -- ---- 0 11 0 1 8  RAS1 RAS1 NOP   EXNOR DZ 
0135 - - 00A C/SBR  ! HOLD 0 NOC    -- ADDR 0 11 0 1 16 R_PC R_PC RAMF  ADD   ZA 
0136 - - 00B R/F    - HOLD 0 NOC    -- ADDR 0 11 0 1 16 R_PC R_PC RAMF  ADD   ZA 
0137 - - 050 C/R    - S    0 NOC    -- ---- 0 11 0 1 8  RAS1 RAS1 NOP   EXNOR DZ 
0138 - - 042 C/R    ! S    0 NOC    -- ---- 0 11 0 1 8  RAS1 RAS1 NOP   EXNOR DZ 
0139 - - 00A C/SBR  ! HOLD 0 NOC    -- ADDR 0 11 0 1 16 R_PC R_PC RAMF  ADD   ZA 
013A - - 00B R/F    - HOLD 0 NOC    -- ADDR 0 11 0 1 16 R_PC R_PC RAMF  ADD   ZA 
013B - - 047 C/R    ! S    0 NOC    -- ---- 0 11 0 1 8  RAS1 RAS1 NOP   EXNOR DZ 
013C - - 00A C/SBR  ! HOLD 0 NOC    -- ADDR 0 11 0 1 16 R_PC R_PC RAMF  ADD   ZA 
013D - - 00B R/F    - HOLD 0 NOC    -- ADDR 0 11 0 1 16 R_PC R_PC RAMF  ADD   ZA 
013E - - 050 R/F    - S    0 NOC    -- ---- 0 11 0 1 8  RAS1 RAS1 NOP   EXNOR DZ 
013F - - 00A C/SBR  ! HOLD 0 NOC    -- ---- 0 11 0 1 8  RAS1 RAS1 NOP   EXNOR DZ 
-----------------------------------------------------------------------------------------
     I D DIRECT-VALUE NXT    P COND B SYSCTL OE OS   A UK S C W  AADR BADR DST   FCT  SRC
-----------------------------------------------------------------------------------------
0140 - m 006 C/R    - TRUE 0 NOC    -- ---- 0 11 0 1 8  RAS1 RAS1 NOP   EXNOR DZ 
0141 - - 146 C/R    ! AC   0 NOC    -- ---- 0 11 0 1 8  RAS1 RAS1 RAMF  OR    DZ 
0142 - m 00F C/R    - TRUE 0 NOC    -- ---- 0 11 0 1 8  RAS1 RAS1 NOP   EXNOR DZ 
0143 - m 00A C/R    - TRUE 0 NOC    -- ---- 0 11 0 1 8  R_A? RAS1 QREG  AND   DA 
0144 - - 00A C/SBR  ! HOLD 0 NOC    -- ---- 0 11 0 1 8  RAS1 RAS1 NOP   SUBR  DQ 
0145 - - 147 C/R    - CN4  0 NOC    -- ---- 0 11 0 1 8  RAS1 RAS1 NOP   EXNOR DZ 
0146 - - 15F C/SBR  ! CY   0 NOC    -- ---- 0 00 0 0 8  RAS1 R_A? RAMF  ADD   AB 
0147 - m 060 C/R    - TRUE 0 NOC    -- ---- 0 11 0 1 8  RAS1 RAS1 NOP   EXNOR DZ 
0148 - - 14F C/R    ! CY   0 NOC    -- ---- 0 11 0 1 8  RAS1 RAS1 RAMF  OR    DZ 
0149 - m 0F0 C/R    - TRUE 0 NOC    -- ---- 0 11 0 1 8  RAS1 RAS1 NOP   EXNOR DZ 
014A - m 0A0 C/R    - TRUE 0 NOC    -- ---- 0 11 0 1 8  R_A? RAS1 QREG  AND   DA 
014B - - 00A C/SBR  ! HOLD 0 NOC    -- ---- 0 11 0 1 8  RAS1 RAS1 NOP   SUBR  DQ 
014C - - 14E C/R    - CN4  0 NOC    -- ---- 0 11 0 1 8  RAS1 RAS1 NOP   EXNOR DZ 
014D - - 00A C/SBR  ! HOLD 0 NOC    -- ---- 0 00 0 0 8  RAS1 R_A? RAMF  ADD   AB 
014E - - 00B R/F    - HOLD 0 NOC    -- ---- 0 11 0 1 8  RAS1 RAS1 NOP   EXNOR DZ 
014F - - 00B R/F    - HOLD 0 NOC    -- ---- 0 10 0 0 8  RAS1 R_A? RAMF  ADD   AB 
0150 - - 00A C/SBR  ! HOLD 0 NOC    -- ADDR 0 11 0 1 16 R_SP R_SP RAMA  OR    ZA 
0151 - - 011 C/SBR  - RDY  0 MEMR   -- ADDR 0 11 0 1 16 R_SP R_SP RAMF  ADD   ZA 
0152 - - 00A C/SBR  ! HOLD 0 NOC    -- ---- 0 11 0 1 8  RAS1 RAS1 NOP   NOTRS DZ 
0153 - - 011 C/SBR  - RDY  0 MEMR   -- ADDR 0 11 0 1 16 R_SP R_SP RAMF  ADD   ZA 
0154 - - 00A C/SBR  ! HOLD 0 NOC    -- ---- 0 11 0 1 8  RAS1 R_A? RAMF  OR    DZ 
0155 - - 00B R/F    - HOLD 0 NOC    -- ADDR 0 11 0 1 16 R_PC RAS1 NOP   OR    ZA 
0156 - - 00A C/SBR  ! HOLD 0 NOC    -- ADDR 0 11 0 1 16 R_DE RAS1 NOP   OR    ZA 
0157 - - =*= C/R    - RDY  0 MEMR   -- ADDR 0 11 0 1 16 R_PC RAS1 NOP   OR    ZA 
0158 - - 00B R/F    - HOLD 0 NOC    -- ---- 0 11 0 1 8  RAS1 R_A? RAMF  OR    DZ 
0159 - - 00A C/SBR  ! HOLD 0 NOC    -- ---- 0 11 1 1 16 R_DE R_LH RAMA  OR    DZ 
015A - - 00A C/SBR  ! HOLD 0 NOC    -- ---- 0 11 0 1 16 R_HL R_DE RAMA  OR    ZA 
015B - - 00A C/SBR  ! HOLD 0 NOC    -- ---- 0 11 1 1 16 R_LH R_HL RAMA  OR    DZ 
015C - - 00B R/F    - HOLD 0 NOC    -- ---- 0 11 1 1 16 R_DE R_ED RAMA  OR    DZ 
015D - - 00D C/SBR  - RDY  0 MEMR   -- ADDR 0 11 0 1 16 R_PC R_PC RAMF  ADD   ZA 
015E - - 00B R/F    - HOLD 0 NOC    -- ---- 0 00 0 0 8  R_A? R_A? RAMF  SUBR  DA 
015F - - 000 R/RTN  ! TRUE 0 NOC    -- ---- 0 01 0 0 8  RZ38 RAS1 NOP   SUBR  ZA 
-----------------------------------------------------------------------------------------
     I D DIRECT-VALUE NXT    P COND B SYSCTL OE OS   A UK S C W  AADR BADR DST   FCT  SRC
-----------------------------------------------------------------------------------------
0160 (uninitialized)
0161 (uninitialized)
0162 (uninitialized)
0163 (uninitialized)
0164 (uninitialized)
0165 (uninitialized)
0166 (uninitialized)
0167 (uninitialized)
0168 (uninitialized)
0169 (uninitialized)
016A (uninitialized)
016B (uninitialized)
016C (uninitialized)
016D (uninitialized)
016E (uninitialized)
016F (uninitialized)
0170 (uninitialized)
0171 (uninitialized)
0172 (uninitialized)
0173 (uninitialized)
0174 (uninitialized)
0175 (uninitialized)
0176 (uninitialized)
0177 (uninitialized)
0178 (uninitialized)
0179 (uninitialized)
017A (uninitialized)
017B (uninitialized)
017C (uninitialized)
017D (uninitialized)
017E (uninitialized)
017F (uninitialized)
-----------------------------------------------------------------------------------------
     I D DIRECT-VALUE NXT    P COND B SYSCTL OE OS   A UK S C W  AADR BADR DST   FCT  SRC
-----------------------------------------------------------------------------------------
0180 (uninitialized)
0181 (uninitialized)
0182 (uninitialized)
0183 (uninitialized)
0184 (uninitialized)
0185 (uninitialized)
0186 (uninitialized)
0187 (uninitialized)
0188 (uninitialized)
0189 (uninitialized)
018A (uninitialized)
018B (uninitialized)
018C (uninitialized)
018D (uninitialized)
018E (uninitialized)
018F (uninitialized)
0190 (uninitialized)
0191 (uninitialized)
0192 (uninitialized)
0193 (uninitialized)
0194 (uninitialized)
0195 (uninitialized)
0196 (uninitialized)
0197 (uninitialized)
0198 (uninitialized)
0199 (uninitialized)
019A (uninitialized)
019B (uninitialized)
019C (uninitialized)
019D (uninitialized)
019E (uninitialized)
019F (uninitialized)
-----------------------------------------------------------------------------------------
     I D DIRECT-VALUE NXT    P COND B SYSCTL OE OS   A UK S C W  AADR BADR DST   FCT  SRC
-----------------------------------------------------------------------------------------
01A0 (uninitialized)
01A1 (uninitialized)
01A2 (uninitialized)
01A3 (uninitialized)
01A4 (uninitialized)
01A5 (uninitialized)
01A6 (uninitialized)
01A7 (uninitialized)
01A8 (uninitialized)
01A9 (uninitialized)
01AA (uninitialized)
01AB (uninitialized)
01AC (uninitialized)
01AD (uninitialized)
01AE (uninitialized)
01AF (uninitialized)
01B0 (uninitialized)
01B1 (uninitialized)
01B2 (uninitialized)
01B3 (uninitialized)
01B4 (uninitialized)
01B5 (uninitialized)
01B6 (uninitialized)
01B7 (uninitialized)
01B8 (uninitialized)
01B9 (uninitialized)
01BA (uninitialized)
01BB (uninitialized)
01BC (uninitialized)
01BD (uninitialized)
01BE (uninitialized)
01BF (uninitialized)
-----------------------------------------------------------------------------------------
     I D DIRECT-VALUE NXT    P COND B SYSCTL OE OS   A UK S C W  AADR BADR DST   FCT  SRC
-----------------------------------------------------------------------------------------
01C0 (uninitialized)
01C1 (uninitialized)
01C2 (uninitialized)
01C3 (uninitialized)
01C4 (uninitialized)
01C5 (uninitialized)
01C6 (uninitialized)
01C7 (uninitialized)
01C8 (uninitialized)
01C9 (uninitialized)
01CA (uninitialized)
01CB (uninitialized)
01CC (uninitialized)
01CD (uninitialized)
01CE (uninitialized)
01CF (uninitialized)
01D0 (uninitialized)
01D1 (uninitialized)
01D2 (uninitialized)
01D3 (uninitialized)
01D4 (uninitialized)
01D5 (uninitialized)
01D6 (uninitialized)
01D7 (uninitialized)
01D8 (uninitialized)
01D9 (uninitialized)
01DA (uninitialized)
01DB (uninitialized)
01DC (uninitialized)
01DD (uninitialized)
01DE (uninitialized)
01DF (uninitialized)
-----------------------------------------------------------------------------------------
     I D DIRECT-VALUE NXT    P COND B SYSCTL OE OS   A UK S C W  AADR BADR DST   FCT  SRC
-----------------------------------------------------------------------------------------
01E0 (uninitialized)
01E1 (uninitialized)
01E2 (uninitialized)
01E3 (uninitialized)
01E4 (uninitialized)
01E5 (uninitialized)
01E6 (uninitialized)
01E7 (uninitialized)
01E8 (uninitialized)
01E9 (uninitialized)
01EA (uninitialized)
01EB (uninitialized)
01EC (uninitialized)
01ED (uninitialized)
01EE (uninitialized)
01EF (uninitialized)
01F0 (uninitialized)
01F1 (uninitialized)
01F2 (uninitialized)
01F3 (uninitialized)
01F4 (uninitialized)
01F5 (uninitialized)
01F6 (uninitialized)
01F7 (uninitialized)
01F8 (uninitialized)
01F9 (uninitialized)
01FA (uninitialized)
01FB (uninitialized)
01FC (uninitialized)
01FD (uninitialized)
01FE (uninitialized)
01FF - - 084 C/R    ! TRUE 0 NOC    -- ---- 0 11 0 1 8  RAS1 RAS1 NOP   EXNOR DZ 
